~~~~~~~~~~~~~~~~~~~~~~~~~~~~~~~~~~~~~~~~~~~~~~~~~~~~~~~~~~~~~~~~~~~~~~~~~~~~~~~~
Name: test/Yatagan$RootComponent.java
package test;

import com.yandex.yatagan.AutoBuilder;
import com.yandex.yatagan.internal.Checks;
import com.yandex.yatagan.internal.YataganGenerated;
import java.lang.Class;
import java.lang.Override;
import java.lang.SuppressWarnings;
import java.util.Collections;
import javax.annotation.processing.Generated;

@SuppressWarnings({"unchecked", "rawtypes", "NullableProblems"})
@YataganGenerated
@Generated("com.yandex.yatagan.codegen.impl.ComponentGenerator")
public final class Yatagan$RootComponent implements RootComponent {
  private Yatagan$RootComponent() {
  }

  @Override
  public TestClass getTestClass() {
    return new TestClass();
  }

  public static AutoBuilder<Yatagan$RootComponent> autoBuilder() {
    return new AutoBuilderImpl();
  }

  private static final class AutoBuilderImpl implements AutoBuilder<Yatagan$RootComponent> {
    @Override
    public final <I> AutoBuilder<Yatagan$RootComponent> provideInput(I input, Class<I> inputClass) {
      Checks.reportUnexpectedAutoBuilderInput(input.getClass(), Collections.emptyList());
      return this;
    }

    @Override
    public final Yatagan$RootComponent create() {
      return new Yatagan$RootComponent();
    }
  }
}

~~~~~~~~~~~~~~~~~~~~~~~~~~~~~~~~~~~~~~~~~~~~~~~~~~~~~~~~~~~~~~~~~~~~~~~~~~~~~~~~
